
Hierarchical N-body code (theta scan)

   nbody     dtime       eps     theta   usequad     dtout     tstop
    5001   0.10000    0.1000      0.10     false   0.10000    7.0000

	   rsize  tdepth   ftree  actmax    nbbtot    nbctot   CPUfc
	   512.0      15   3.050    7193  18053343   2254751   0.005

       |T+U|        T       -U
    580.35895 508.31952 1088.67847

	data output to file out_plum_pert_5001_01.out at time 0.000000

	   rsize  tdepth   ftree  actmax    nbbtot    nbctot   CPUfc
	   512.0      13   3.048    7209  18084915   2241829   0.004

       |T+U|        T       -U
    580.26038 504.76700 1085.02734

	data output to file out_plum_pert_5001_01.out at time 0.100000

	   rsize  tdepth   ftree  actmax    nbbtot    nbctot   CPUfc
	   512.0      13   3.066    7218  18146985   2198809   0.004

       |T+U|        T       -U
    580.13428 502.55798 1082.69226

	data output to file out_plum_pert_5001_01.out at time 0.200000

	   rsize  tdepth   ftree  actmax    nbbtot    nbctot   CPUfc
	   512.0      14   3.046    7198  18161566   2221205   0.004

       |T+U|        T       -U
    579.91455 501.70364 1081.61816

	data output to file out_plum_pert_5001_01.out at time 0.300000

	   rsize  tdepth   ftree  actmax    nbbtot    nbctot   CPUfc
	   512.0      13   3.033    7225  18162875   2212337   0.004

       |T+U|        T       -U
    579.32068 502.61069 1081.93140

	data output to file out_plum_pert_5001_01.out at time 0.400000

	   rsize  tdepth   ftree  actmax    nbbtot    nbctot   CPUfc
	   512.0      13   3.043    7227  18120969   2203130   0.004

       |T+U|        T       -U
    577.47107 504.58627 1082.05737

	data output to file out_plum_pert_5001_01.out at time 0.500000

	   rsize  tdepth   ftree  actmax    nbbtot    nbctot   CPUfc
	   512.0      15   3.058    7195  18221105   2177784   0.004

       |T+U|        T       -U
    575.74915 506.54025 1082.28943

	data output to file out_plum_pert_5001_01.out at time 0.600000

	   rsize  tdepth   ftree  actmax    nbbtot    nbctot   CPUfc
	   512.0      13   3.052    7195  18075716   2225435   0.004

       |T+U|        T       -U
    574.19287 508.57507 1082.76794

	data output to file out_plum_pert_5001_01.out at time 0.700000

	   rsize  tdepth   ftree  actmax    nbbtot    nbctot   CPUfc
	   512.0      13   3.052    7191  18071675   2223526   0.004

       |T+U|        T       -U
    574.13000 509.73141 1083.86145

	data output to file out_plum_pert_5001_01.out at time 0.800000

	   rsize  tdepth   ftree  actmax    nbbtot    nbctot   CPUfc
	   512.0      13   3.039    7188  18094588   2234338   0.004

       |T+U|        T       -U
    572.58606 512.61169 1085.19775

	data output to file out_plum_pert_5001_01.out at time 0.900000

	   rsize  tdepth   ftree  actmax    nbbtot    nbctot   CPUfc
	   512.0      14   3.023    7232  18026826   2284306   0.004

       |T+U|        T       -U
    571.84619 515.60986 1087.45605

	data output to file out_plum_pert_5001_01.out at time 1.000000

	   rsize  tdepth   ftree  actmax    nbbtot    nbctot   CPUfc
	   512.0      13   3.085    7169  18251514   2153373   0.004

       |T+U|        T       -U
    570.36304 519.20581 1089.56885

	data output to file out_plum_pert_5001_01.out at time 1.100000

	   rsize  tdepth   ftree  actmax    nbbtot    nbctot   CPUfc
	   512.0      13   3.028    7207  18040991   2274922   0.004

       |T+U|        T       -U
    568.86841 523.74097 1092.60938

	data output to file out_plum_pert_5001_01.out at time 1.200000

	   rsize  tdepth   ftree  actmax    nbbtot    nbctot   CPUfc
	   512.0      13   3.033    7213  18108491   2243677   0.004

       |T+U|        T       -U
    567.85724 529.92316 1097.78040

	data output to file out_plum_pert_5001_01.out at time 1.300000

	   rsize  tdepth   ftree  actmax    nbbtot    nbctot   CPUfc
	   512.0      14   3.052    7210  18233572   2173941   0.004

       |T+U|        T       -U
    564.41492 537.06494 1101.47986

	data output to file out_plum_pert_5001_01.out at time 1.400000

	   rsize  tdepth   ftree  actmax    nbbtot    nbctot   CPUfc
	   512.0      14   3.031    7211  18180851   2215411   0.004

       |T+U|        T       -U
    562.76086 544.85693 1107.61780

	data output to file out_plum_pert_5001_01.out at time 1.500000

	   rsize  tdepth   ftree  actmax    nbbtot    nbctot   CPUfc
	   512.0      13   3.014    7221  18014439   2276862   0.004

       |T+U|        T       -U
    558.65570 555.71173 1114.36743

	data output to file out_plum_pert_5001_01.out at time 1.600000

	   rsize  tdepth   ftree  actmax    nbbtot    nbctot   CPUfc
	   512.0      13   3.028    7233  18124675   2244361   0.004

       |T+U|        T       -U
    553.87469 567.26813 1121.14282

	data output to file out_plum_pert_5001_01.out at time 1.700000

	   rsize  tdepth   ftree  actmax    nbbtot    nbctot   CPUfc
	   512.0      13   3.040    7226  18195396   2206373   0.004

       |T+U|        T       -U
    548.52460 578.01239 1126.53699

	data output to file out_plum_pert_5001_01.out at time 1.800000

	   rsize  tdepth   ftree  actmax    nbbtot    nbctot   CPUfc
	   512.0      14   3.054    7238  18277087   2161726   0.004

       |T+U|        T       -U
    544.05743 587.32367 1131.38110

	data output to file out_plum_pert_5001_01.out at time 1.900000

	   rsize  tdepth   ftree  actmax    nbbtot    nbctot   CPUfc
	   512.0      13   3.069    7189  18193871   2165380   0.004

       |T+U|        T       -U
    540.10138 593.59943 1133.70081

	data output to file out_plum_pert_5001_01.out at time 2.000000

	   rsize  tdepth   ftree  actmax    nbbtot    nbctot   CPUfc
	   512.0      14   3.057    7241  18218850   2173591   0.004

       |T+U|        T       -U
    539.29596 596.80438 1136.10034

	data output to file out_plum_pert_5001_01.out at time 2.100000

	   rsize  tdepth   ftree  actmax    nbbtot    nbctot   CPUfc
	   512.0      15   2.994    7240  17937653   2291696   0.004

       |T+U|        T       -U
    538.07172 600.51300 1138.58472

	data output to file out_plum_pert_5001_01.out at time 2.200000

	   rsize  tdepth   ftree  actmax    nbbtot    nbctot   CPUfc
	   512.0      13   3.015    7270  17972637   2246425   0.004

       |T+U|        T       -U
    534.81720 602.65594 1137.47314

	data output to file out_plum_pert_5001_01.out at time 2.300000

	   rsize  tdepth   ftree  actmax    nbbtot    nbctot   CPUfc
	   512.0      14   3.018    7276  18029908   2230318   0.004

       |T+U|        T       -U
    533.10388 603.54749 1136.65137

	data output to file out_plum_pert_5001_01.out at time 2.400000

	   rsize  tdepth   ftree  actmax    nbbtot    nbctot   CPUfc
	   512.0      13   3.044    7233  18087493   2199801   0.004

       |T+U|        T       -U
    531.15942 604.38147 1135.54089

	data output to file out_plum_pert_5001_01.out at time 2.500000

	   rsize  tdepth   ftree  actmax    nbbtot    nbctot   CPUfc
	   512.0      14   3.056    7170  18152635   2157159   0.004

       |T+U|        T       -U
    528.52277 604.37970 1132.90247

	data output to file out_plum_pert_5001_01.out at time 2.600000

	   rsize  tdepth   ftree  actmax    nbbtot    nbctot   CPUfc
	   512.0      13   3.041    7212  18127446   2179892   0.004

       |T+U|        T       -U
    526.20935 604.44666 1130.65601

	data output to file out_plum_pert_5001_01.out at time 2.700000

	   rsize  tdepth   ftree  actmax    nbbtot    nbctot   CPUfc
	   512.0      13   3.020    7263  18089937   2192140   0.004

       |T+U|        T       -U
    523.65887 605.02765 1128.68652

	data output to file out_plum_pert_5001_01.out at time 2.799999

	   rsize  tdepth   ftree  actmax    nbbtot    nbctot   CPUfc
	   512.0      13   3.054    7233  18195398   2156489   0.004

       |T+U|        T       -U
    523.71130 604.45679 1128.16809

	data output to file out_plum_pert_5001_01.out at time 2.899999

	   rsize  tdepth   ftree  actmax    nbbtot    nbctot   CPUfc
	   512.0      13   3.063    7200  18217563   2151647   0.004

       |T+U|        T       -U
    522.81592 605.09094 1127.90686

	data output to file out_plum_pert_5001_01.out at time 2.999999

	   rsize  tdepth   ftree  actmax    nbbtot    nbctot   CPUfc
	   512.0      13   3.073    7197  18235235   2121210   0.004

       |T+U|        T       -U
    520.30005 606.31482 1126.61487

	data output to file out_plum_pert_5001_01.out at time 3.099999

	   rsize  tdepth   ftree  actmax    nbbtot    nbctot   CPUfc
	   512.0      14   3.028    7198  18044452   2235004   0.004

       |T+U|        T       -U
    519.63220 605.98474 1125.61694

	data output to file out_plum_pert_5001_01.out at time 3.199999

	   rsize  tdepth   ftree  actmax    nbbtot    nbctot   CPUfc
	   512.0      14   3.061    7190  18151245   2171675   0.004

       |T+U|        T       -U
    519.94775 605.40991 1125.35767

	data output to file out_plum_pert_5001_01.out at time 3.299999

	   rsize  tdepth   ftree  actmax    nbbtot    nbctot   CPUfc
	   512.0      14   3.018    7214  18016945   2237419   0.004

       |T+U|        T       -U
    518.99207 605.15479 1124.14685

	data output to file out_plum_pert_5001_01.out at time 3.399999

	   rsize  tdepth   ftree  actmax    nbbtot    nbctot   CPUfc
	   512.0      14   3.006    7253  18047002   2242979   0.004

       |T+U|        T       -U
    518.32294 605.88739 1124.21033

	data output to file out_plum_pert_5001_01.out at time 3.499999

	   rsize  tdepth   ftree  actmax    nbbtot    nbctot   CPUfc
	   512.0      13   3.011    7242  17984066   2265397   0.004

       |T+U|        T       -U
    514.16028 608.58826 1122.74854

	data output to file out_plum_pert_5001_01.out at time 3.599999

	   rsize  tdepth   ftree  actmax    nbbtot    nbctot   CPUfc
	   512.0      13   3.005    7220  18013478   2264633   0.004

       |T+U|        T       -U
    512.00037 609.75696 1121.75732

	data output to file out_plum_pert_5001_01.out at time 3.699999

	   rsize  tdepth   ftree  actmax    nbbtot    nbctot   CPUfc
	   512.0      14   3.023    7212  18123764   2219638   0.004

       |T+U|        T       -U
    508.76526 611.58704 1120.35229

	data output to file out_plum_pert_5001_01.out at time 3.799999

	   rsize  tdepth   ftree  actmax    nbbtot    nbctot   CPUfc
	   512.0      14   3.037    7227  18089101   2231335   0.004

       |T+U|        T       -U
    507.61914 613.10828 1120.72742

	data output to file out_plum_pert_5001_01.out at time 3.899998

	   rsize  tdepth   ftree  actmax    nbbtot    nbctot   CPUfc
	   512.0      14   3.055    7209  18161737   2188620   0.004

       |T+U|        T       -U
    502.84686 616.92401 1119.77087

	data output to file out_plum_pert_5001_01.out at time 3.999998

	   rsize  tdepth   ftree  actmax    nbbtot    nbctot   CPUfc
	   512.0      14   2.990    7243  17928370   2319744   0.004

       |T+U|        T       -U
    499.47650 617.42218 1116.89868

	data output to file out_plum_pert_5001_01.out at time 4.099998

	   rsize  tdepth   ftree  actmax    nbbtot    nbctot   CPUfc
	   512.0      13   3.021    7194  17941969   2287736   0.004

       |T+U|        T       -U
    496.34375 615.86243 1112.20618

	data output to file out_plum_pert_5001_01.out at time 4.199998

	   rsize  tdepth   ftree  actmax    nbbtot    nbctot   CPUfc
	   512.0      14   3.053    7168  18095468   2219484   0.004

       |T+U|        T       -U
    495.15710 613.70715 1108.86426

	data output to file out_plum_pert_5001_01.out at time 4.299998

	   rsize  tdepth   ftree  actmax    nbbtot    nbctot   CPUfc
	   512.0      13   3.051    7204  18033476   2245551   0.004

       |T+U|        T       -U
    493.18365 611.71222 1104.89587

	data output to file out_plum_pert_5001_01.out at time 4.399998

	   rsize  tdepth   ftree  actmax    nbbtot    nbctot   CPUfc
	   512.0      13   3.006    7249  17972847   2306879   0.004

       |T+U|        T       -U
    492.26068 607.50751 1099.76819

	data output to file out_plum_pert_5001_01.out at time 4.499998

	   rsize  tdepth   ftree  actmax    nbbtot    nbctot   CPUfc
	   512.0      13   2.998    7226  17949513   2316711   0.004

       |T+U|        T       -U
    492.18280 603.13873 1095.32153

	data output to file out_plum_pert_5001_01.out at time 4.599998

	   rsize  tdepth   ftree  actmax    nbbtot    nbctot   CPUfc
	   512.0      14   3.043    7200  18204469   2197427   0.004

       |T+U|        T       -U
    492.48267 598.73901 1091.22168

	data output to file out_plum_pert_5001_01.out at time 4.699998

	   rsize  tdepth   ftree  actmax    nbbtot    nbctot   CPUfc
	   512.0      13   3.028    7228  18087542   2248235   0.004

       |T+U|        T       -U
    490.00787 594.96918 1084.97705

	data output to file out_plum_pert_5001_01.out at time 4.799998

	   rsize  tdepth   ftree  actmax    nbbtot    nbctot   CPUfc
	   512.0      13   3.047    7253  18200097   2216333   0.004

       |T+U|        T       -U
    489.19757 590.28143 1079.47900

	data output to file out_plum_pert_5001_01.out at time 4.899998

	   rsize  tdepth   ftree  actmax    nbbtot    nbctot   CPUfc
	   512.0      16   2.996    7250  17955617   2340413   0.004

       |T+U|        T       -U
    487.39233 586.45508 1073.84741

	data output to file out_plum_pert_5001_01.out at time 4.999998

	   rsize  tdepth   ftree  actmax    nbbtot    nbctot   CPUfc
	   512.0      13   3.006    7277  18043317   2297445   0.004

       |T+U|        T       -U
    487.67529 580.95593 1068.63123

	data output to file out_plum_pert_5001_01.out at time 5.099998

	   rsize  tdepth   ftree  actmax    nbbtot    nbctot   CPUfc
	   512.0      13   3.028    7198  18088970   2284460   0.004

       |T+U|        T       -U
    487.41376 575.86920 1063.28296

	data output to file out_plum_pert_5001_01.out at time 5.199997

	   rsize  tdepth   ftree  actmax    nbbtot    nbctot   CPUfc
	   512.0      13   3.010    7158  17951258   2337218   0.004

       |T+U|        T       -U
    487.08844 572.09393 1059.18237

	data output to file out_plum_pert_5001_01.out at time 5.299997

	   rsize  tdepth   ftree  actmax    nbbtot    nbctot   CPUfc
	   512.0      13   3.063    7167  18203592   2221953   0.004

       |T+U|        T       -U
    485.64600 569.82166 1055.46765

	data output to file out_plum_pert_5001_01.out at time 5.399997

	   rsize  tdepth   ftree  actmax    nbbtot    nbctot   CPUfc
	   512.0      13   3.042    7198  18194458   2248645   0.004

       |T+U|        T       -U
    484.60504 567.24127 1051.84631

	data output to file out_plum_pert_5001_01.out at time 5.499997

	   rsize  tdepth   ftree  actmax    nbbtot    nbctot   CPUfc
	   512.0      14   3.049    7172  18218732   2223249   0.004

       |T+U|        T       -U
    485.03998 564.62970 1049.66968

	data output to file out_plum_pert_5001_01.out at time 5.599997

	   rsize  tdepth   ftree  actmax    nbbtot    nbctot   CPUfc
	   512.0      14   3.048    7194  18164300   2239588   0.004

       |T+U|        T       -U
    483.86224 563.11578 1046.97803

	data output to file out_plum_pert_5001_01.out at time 5.699997

	   rsize  tdepth   ftree  actmax    nbbtot    nbctot   CPUfc
	   512.0      13   3.053    7172  18116762   2265188   0.004

       |T+U|        T       -U
    485.19757 560.95319 1046.15076

	data output to file out_plum_pert_5001_01.out at time 5.799997

	   rsize  tdepth   ftree  actmax    nbbtot    nbctot   CPUfc
	   512.0      14   3.023    7198  18018601   2315192   0.004

       |T+U|        T       -U
    483.36810 559.71014 1043.07825

	data output to file out_plum_pert_5001_01.out at time 5.899997

	   rsize  tdepth   ftree  actmax    nbbtot    nbctot   CPUfc
	   512.0      14   3.034    7219  18157385   2249476   0.004

       |T+U|        T       -U
    481.31860 559.95300 1041.27161

	data output to file out_plum_pert_5001_01.out at time 5.999997

	   rsize  tdepth   ftree  actmax    nbbtot    nbctot   CPUfc
	   512.0      13   3.041    7173  18130166   2264937   0.004

       |T+U|        T       -U
    479.37573 560.15784 1039.53357

	data output to file out_plum_pert_5001_01.out at time 6.099997

	   rsize  tdepth   ftree  actmax    nbbtot    nbctot   CPUfc
	   512.0      13   3.020    7217  17986470   2323727   0.004

       |T+U|        T       -U
    477.44910 561.22363 1038.67273

	data output to file out_plum_pert_5001_01.out at time 6.199996

	   rsize  tdepth   ftree  actmax    nbbtot    nbctot   CPUfc
	   512.0      13   3.042    7230  18142854   2242226   0.004

       |T+U|        T       -U
    476.25830 562.74780 1039.00610

	data output to file out_plum_pert_5001_01.out at time 6.299996

	   rsize  tdepth   ftree  actmax    nbbtot    nbctot   CPUfc
	   512.0      13   2.997    7228  17971424   2326118   0.004

       |T+U|        T       -U
    472.73547 565.37146 1038.10693

	data output to file out_plum_pert_5001_01.out at time 6.399996

	   rsize  tdepth   ftree  actmax    nbbtot    nbctot   CPUfc
	   512.0      14   3.026    7210  18092195   2276475   0.004

       |T+U|        T       -U
    471.35760 565.41022 1036.76782

	data output to file out_plum_pert_5001_01.out at time 6.499996

	   rsize  tdepth   ftree  actmax    nbbtot    nbctot   CPUfc
	   512.0      13   3.074    7189  18247096   2193180   0.004

       |T+U|        T       -U
    471.19867 564.95599 1036.15466

	data output to file out_plum_pert_5001_01.out at time 6.599996

	   rsize  tdepth   ftree  actmax    nbbtot    nbctot   CPUfc
	   512.0      13   3.040    7204  18097886   2248752   0.004

       |T+U|        T       -U
    470.56958 565.24854 1035.81812

	data output to file out_plum_pert_5001_01.out at time 6.699996

	   rsize  tdepth   ftree  actmax    nbbtot    nbctot   CPUfc
	   512.0      13   3.030    7182  18033033   2281193   0.004

       |T+U|        T       -U
    469.45483 567.05005 1036.50488

	data output to file out_plum_pert_5001_01.out at time 6.799996

	   rsize  tdepth   ftree  actmax    nbbtot    nbctot   CPUfc
	   512.0      13   3.058    7217  18220001   2175794   0.004

       |T+U|        T       -U
    466.49500 569.94226 1036.43726

	data output to file out_plum_pert_5001_01.out at time 6.899996

	   rsize  tdepth   ftree  actmax    nbbtot    nbctot   CPUfc
	   512.0      13   3.055    7169  18181247   2180934   0.004

       |T+U|        T       -U
    463.49561 570.96143 1034.45703

	data output to file out_plum_pert_5001_01.out at time 6.999996
