
Hierarchical N-body code (theta scan)

   nbody     dtime       eps     theta   usequad     dtout     tstop
    5000   0.05000    0.0500      0.10     false   0.05000    3.0000

	   rsize  tdepth   ftree  actmax    nbbtot    nbctot   CPUfc
	     2.0       8   2.952    6649  16789435   3307777   0.009

       |T+U|        T       -U
     0.54612  0.04955  0.59567

	data output to file Rotating_sphere5000.out at time 0.000000

	   rsize  tdepth   ftree  actmax    nbbtot    nbctot   CPUfc
	     2.0       8   2.956    6669  16830758   3275684   0.008

       |T+U|        T       -U
     0.54612  0.05016  0.59628

	data output to file Rotating_sphere5000.out at time 0.050000

	   rsize  tdepth   ftree  actmax    nbbtot    nbctot   CPUfc
	     2.0       8   2.896    6641  16489042   3431832   0.004

       |T+U|        T       -U
     0.54612  0.05199  0.59811

	data output to file Rotating_sphere5000.out at time 0.100000

	   rsize  tdepth   ftree  actmax    nbbtot    nbctot   CPUfc
	     2.0       8   2.942    6634  16691895   3336582   0.004

       |T+U|        T       -U
     0.54611  0.05508  0.60119

	data output to file Rotating_sphere5000.out at time 0.150000

	   rsize  tdepth   ftree  actmax    nbbtot    nbctot   CPUfc
	     2.0       8   2.953    6636  16911405   3260437   0.005

       |T+U|        T       -U
     0.54611  0.05946  0.60557

	data output to file Rotating_sphere5000.out at time 0.200000

	   rsize  tdepth   ftree  actmax    nbbtot    nbctot   CPUfc
	     2.0       9   2.938    6536  16763567   3304014   0.005

       |T+U|        T       -U
     0.54610  0.06523  0.61133

	data output to file Rotating_sphere5000.out at time 0.250000

	   rsize  tdepth   ftree  actmax    nbbtot    nbctot   CPUfc
	     2.0       8   2.905    6537  16505816   3416744   0.004

       |T+U|        T       -U
     0.54609  0.07248  0.61857

	data output to file Rotating_sphere5000.out at time 0.300000

	   rsize  tdepth   ftree  actmax    nbbtot    nbctot   CPUfc
	     2.0       9   2.854    6520  16286302   3540970   0.004

       |T+U|        T       -U
     0.54608  0.08134  0.62742

	data output to file Rotating_sphere5000.out at time 0.350000

	   rsize  tdepth   ftree  actmax    nbbtot    nbctot   CPUfc
	     2.0       9   2.799    6456  15919658   3699944   0.005

       |T+U|        T       -U
     0.54607  0.09198  0.63806

	data output to file Rotating_sphere5000.out at time 0.400000

	   rsize  tdepth   ftree  actmax    nbbtot    nbctot   CPUfc
	     2.0       9   2.840    6432  16217349   3547198   0.004

       |T+U|        T       -U
     0.54605  0.10464  0.65069

	data output to file Rotating_sphere5000.out at time 0.450000

	   rsize  tdepth   ftree  actmax    nbbtot    nbctot   CPUfc
	     2.0       9   2.825    6397  15941709   3672807   0.004

       |T+U|        T       -U
     0.54603  0.11957  0.66561

	data output to file Rotating_sphere5000.out at time 0.500000

	   rsize  tdepth   ftree  actmax    nbbtot    nbctot   CPUfc
	     2.0       9   2.762    6356  15519615   3838800   0.004

       |T+U|        T       -U
     0.54600  0.13717  0.68317

	data output to file Rotating_sphere5000.out at time 0.550000

	   rsize  tdepth   ftree  actmax    nbbtot    nbctot   CPUfc
	     2.0      10   2.721    6274  15139134   3977400   0.004

       |T+U|        T       -U
     0.54596  0.15788  0.70385

	data output to file Rotating_sphere5000.out at time 0.600000

	   rsize  tdepth   ftree  actmax    nbbtot    nbctot   CPUfc
	     2.0      10   2.659    6289  14599302   4212588   0.004

       |T+U|        T       -U
     0.54591  0.18234  0.72826

	data output to file Rotating_sphere5000.out at time 0.650000

	   rsize  tdepth   ftree  actmax    nbbtot    nbctot   CPUfc
	     2.0      12   2.622    6233  13958383   4344126   0.004

       |T+U|        T       -U
     0.54584  0.21138  0.75723

	data output to file Rotating_sphere5000.out at time 0.700000

	   rsize  tdepth   ftree  actmax    nbbtot    nbctot   CPUfc
	     2.0      10   2.563    6177  13265785   4506906   0.004

       |T+U|        T       -U
     0.54574  0.24613  0.79188

	data output to file Rotating_sphere5000.out at time 0.750000

	   rsize  tdepth   ftree  actmax    nbbtot    nbctot   CPUfc
	     2.0      10   2.521    6154  12711733   4535629   0.004

       |T+U|        T       -U
     0.54560  0.28818  0.83378

	data output to file Rotating_sphere5000.out at time 0.800000

	   rsize  tdepth   ftree  actmax    nbbtot    nbctot   CPUfc
	     2.0      10   2.452    6091  11711723   4753287   0.004

       |T+U|        T       -U
     0.54538  0.33982  0.88520

	data output to file Rotating_sphere5000.out at time 0.850000

	   rsize  tdepth   ftree  actmax    nbbtot    nbctot   CPUfc
	     2.0      10   2.481    5911  11260925   4678564   0.004

       |T+U|        T       -U
     0.54505  0.40448  0.94952

	data output to file Rotating_sphere5000.out at time 0.900000

	   rsize  tdepth   ftree  actmax    nbbtot    nbctot   CPUfc
	     2.0      10   2.513    5776  11051849   4585257   0.004

       |T+U|        T       -U
     0.54448  0.48756  1.03204

	data output to file Rotating_sphere5000.out at time 0.950000

	   rsize  tdepth   ftree  actmax    nbbtot    nbctot   CPUfc
	     2.0      11   2.565    5607  10832581   4591929   0.004

       |T+U|        T       -U
     0.54347  0.59812  1.14159

	data output to file Rotating_sphere5000.out at time 1.000000

	   rsize  tdepth   ftree  actmax    nbbtot    nbctot   CPUfc
	     2.0      10   2.636    5653  10970473   4460234   0.004

       |T+U|        T       -U
     0.54147  0.75255  1.29402

	data output to file Rotating_sphere5000.out at time 1.050000

	   rsize  tdepth   ftree  actmax    nbbtot    nbctot   CPUfc
	     2.0      13   2.705    5670  11196243   4444765   0.004

       |T+U|        T       -U
     0.53704  0.98407  1.52112

	data output to file Rotating_sphere5000.out at time 1.100000

	   rsize  tdepth   ftree  actmax    nbbtot    nbctot   CPUfc
	     2.0      11   2.845    5930  12282469   4147842   0.004

       |T+U|        T       -U
     0.52578  1.36909  1.89487

	data output to file Rotating_sphere5000.out at time 1.150000

	   rsize  tdepth   ftree  actmax    nbbtot    nbctot   CPUfc
	     2.0      10   2.891    6115  12271121   4007849   0.004

       |T+U|        T       -U
     0.60323  1.90042  2.50365

	data output to file Rotating_sphere5000.out at time 1.200000

	   rsize  tdepth   ftree  actmax    nbbtot    nbctot   CPUfc
	     2.0      11   2.879    6391  13996175   3847781   0.004

       |T+U|        T       -U
     0.59126  2.33121  2.92247

	data output to file Rotating_sphere5000.out at time 1.250000

	   rsize  tdepth   ftree  actmax    nbbtot    nbctot   CPUfc
	     2.0      11   2.839    6507  14272990   4039433   0.004

       |T+U|        T       -U
     0.61919  2.34296  2.96215

	data output to file Rotating_sphere5000.out at time 1.300000

	   rsize  tdepth   ftree  actmax    nbbtot    nbctot   CPUfc
	     2.0      10   2.826    6051  13760392   4185247   0.004

       |T+U|        T       -U
     0.55333  1.98837  2.54170

	data output to file Rotating_sphere5000.out at time 1.350000

	   rsize  tdepth   ftree  actmax    nbbtot    nbctot   CPUfc
	     2.0      10   2.902    6098  12995032   3912622   0.004

       |T+U|        T       -U
     0.54129  1.58292  2.12420

	data output to file Rotating_sphere5000.out at time 1.400000

	   rsize  tdepth   ftree  actmax    nbbtot    nbctot   CPUfc
	     2.0      11   2.861    5997  12014906   4279591   0.004

       |T+U|        T       -U
     0.54320  1.28165  1.82485

	data output to file Rotating_sphere5000.out at time 1.450000

	   rsize  tdepth   ftree  actmax    nbbtot    nbctot   CPUfc
	     2.0      12   2.835    5644  11388487   4380165   0.004

       |T+U|        T       -U
     0.54292  1.05282  1.59574

	data output to file Rotating_sphere5000.out at time 1.500000

	   rsize  tdepth   ftree  actmax    nbbtot    nbctot   CPUfc
	     2.0      10   2.839    5615  11197908   4267730   0.004

       |T+U|        T       -U
     0.54231  0.87024  1.41255

	data output to file Rotating_sphere5000.out at time 1.550000

	   rsize  tdepth   ftree  actmax    nbbtot    nbctot   CPUfc
	     2.0      11   2.832    5698  10966381   4214890   0.004

       |T+U|        T       -U
     0.54237  0.72807  1.27044

	data output to file Rotating_sphere5000.out at time 1.600000

	   rsize  tdepth   ftree  actmax    nbbtot    nbctot   CPUfc
	     2.0       9   2.828    5692  10724472   4257520   0.003

       |T+U|        T       -U
     0.54279  0.61929  1.16208

	data output to file Rotating_sphere5000.out at time 1.649999

	   rsize  tdepth   ftree  actmax    nbbtot    nbctot   CPUfc
	     2.0       9   2.858    5452  10637141   4210474   0.003

       |T+U|        T       -U
     0.54311  0.53576  1.07887

	data output to file Rotating_sphere5000.out at time 1.699999

	   rsize  tdepth   ftree  actmax    nbbtot    nbctot   CPUfc
	     2.0      10   2.802    5403  10546900   4240660   0.003

       |T+U|        T       -U
     0.54329  0.47127  1.01456

	data output to file Rotating_sphere5000.out at time 1.749999

	   rsize  tdepth   ftree  actmax    nbbtot    nbctot   CPUfc
	     4.0      10   2.817    5483  10656656   4198971   0.003

       |T+U|        T       -U
     0.54346  0.42196  0.96542

	data output to file Rotating_sphere5000.out at time 1.799999

	   rsize  tdepth   ftree  actmax    nbbtot    nbctot   CPUfc
	     4.0      10   2.789    5511  10592111   4158697   0.003

       |T+U|        T       -U
     0.54359  0.38511  0.92870

	data output to file Rotating_sphere5000.out at time 1.849999

	   rsize  tdepth   ftree  actmax    nbbtot    nbctot   CPUfc
	     4.0      10   2.791    5603  10731034   3992359   0.003

       |T+U|        T       -U
     0.54367  0.35886  0.90253

	data output to file Rotating_sphere5000.out at time 1.899999

	   rsize  tdepth   ftree  actmax    nbbtot    nbctot   CPUfc
	     4.0      11   2.777    5675  10610428   3912643   0.003

       |T+U|        T       -U
     0.54379  0.34201  0.88580

	data output to file Rotating_sphere5000.out at time 1.949999

	   rsize  tdepth   ftree  actmax    nbbtot    nbctot   CPUfc
	     4.0      11   2.772    5729  10536310   3861009   0.003

       |T+U|        T       -U
     0.54400  0.33354  0.87754

	data output to file Rotating_sphere5000.out at time 1.999999

	   rsize  tdepth   ftree  actmax    nbbtot    nbctot   CPUfc
	     4.0      11   2.780    5763  10617095   3736742   0.003

       |T+U|        T       -U
     0.54433  0.33197  0.87630

	data output to file Rotating_sphere5000.out at time 2.049999

	   rsize  tdepth   ftree  actmax    nbbtot    nbctot   CPUfc
	     4.0      12   2.770    5788  10518286   3688288   0.003

       |T+U|        T       -U
     0.54445  0.33572  0.88017

	data output to file Rotating_sphere5000.out at time 2.099999

	   rsize  tdepth   ftree  actmax    nbbtot    nbctot   CPUfc
	     4.0      10   2.791    5830  10660555   3572077   0.003

       |T+U|        T       -U
     0.54464  0.34442  0.88906

	data output to file Rotating_sphere5000.out at time 2.149999

	   rsize  tdepth   ftree  actmax    nbbtot    nbctot   CPUfc
	     4.0      10   2.796    5844  10729115   3467750   0.003

       |T+U|        T       -U
     0.54480  0.35860  0.90340

	data output to file Rotating_sphere5000.out at time 2.199999

	   rsize  tdepth   ftree  actmax    nbbtot    nbctot   CPUfc
	     4.0      13   2.796    5840  10756673   3369177   0.003

       |T+U|        T       -U
     0.54519  0.37861  0.92379

	data output to file Rotating_sphere5000.out at time 2.249999

	   rsize  tdepth   ftree  actmax    nbbtot    nbctot   CPUfc
	     4.0      12   2.801    5842  10826086   3299221   0.003

       |T+U|        T       -U
     0.54651  0.40177  0.94829

	data output to file Rotating_sphere5000.out at time 2.299999

	   rsize  tdepth   ftree  actmax    nbbtot    nbctot   CPUfc
	     4.0      10   2.800    5859  10859997   3220209   0.003

       |T+U|        T       -U
     0.54717  0.42110  0.96827

	data output to file Rotating_sphere5000.out at time 2.349999

	   rsize  tdepth   ftree  actmax    nbbtot    nbctot   CPUfc
	     4.0      11   2.804    5859  10979886   3108221   0.003

       |T+U|        T       -U
     0.54717  0.43194  0.97911

	data output to file Rotating_sphere5000.out at time 2.399999

	   rsize  tdepth   ftree  actmax    nbbtot    nbctot   CPUfc
	     8.0      12   2.765    5887  10937234   3219120   0.003

       |T+U|        T       -U
     0.54719  0.43431  0.98150

	data output to file Rotating_sphere5000.out at time 2.449999

	   rsize  tdepth   ftree  actmax    nbbtot    nbctot   CPUfc
	     8.0      12   2.778    5942  11103534   3203537   0.003

       |T+U|        T       -U
     0.54670  0.42931  0.97601

	data output to file Rotating_sphere5000.out at time 2.499999

	   rsize  tdepth   ftree  actmax    nbbtot    nbctot   CPUfc
	     8.0      12   2.738    6056  11227261   3239384   0.004

       |T+U|        T       -U
     0.54609  0.41996  0.96605

	data output to file Rotating_sphere5000.out at time 2.549999

	   rsize  tdepth   ftree  actmax    nbbtot    nbctot   CPUfc
	     8.0      13   2.782    6071  11495532   3131353   0.004

       |T+U|        T       -U
     0.54567  0.41055  0.95622

	data output to file Rotating_sphere5000.out at time 2.599999

	   rsize  tdepth   ftree  actmax    nbbtot    nbctot   CPUfc
	     8.0      11   2.760    6053  11450252   3192902   0.005

       |T+U|        T       -U
     0.54530  0.40387  0.94916

	data output to file Rotating_sphere5000.out at time 2.649999

	   rsize  tdepth   ftree  actmax    nbbtot    nbctot   CPUfc
	     8.0      12   2.736    6138  11496026   3254647   0.004

       |T+U|        T       -U
     0.54519  0.40162  0.94681

	data output to file Rotating_sphere5000.out at time 2.699999

	   rsize  tdepth   ftree  actmax    nbbtot    nbctot   CPUfc
	     8.0      12   2.775    6135  11730700   3128470   0.004

       |T+U|        T       -U
     0.54527  0.40424  0.94951

	data output to file Rotating_sphere5000.out at time 2.749999

	   rsize  tdepth   ftree  actmax    nbbtot    nbctot   CPUfc
	     8.0      12   2.794    6092  11936024   3034677   0.004

       |T+U|        T       -U
     0.54549  0.41095  0.95644

	data output to file Rotating_sphere5000.out at time 2.799999

	   rsize  tdepth   ftree  actmax    nbbtot    nbctot   CPUfc
	     8.0      11   2.771    6216  11881591   3041337   0.004

       |T+U|        T       -U
     0.54516  0.42085  0.96601

	data output to file Rotating_sphere5000.out at time 2.849998

	   rsize  tdepth   ftree  actmax    nbbtot    nbctot   CPUfc
	     8.0      12   2.756    6247  11947784   3016806   0.005

       |T+U|        T       -U
     0.54537  0.43512  0.98049

	data output to file Rotating_sphere5000.out at time 2.899998

	   rsize  tdepth   ftree  actmax    nbbtot    nbctot   CPUfc
	     8.0      11   2.770    6355  12172003   2971256   0.004

       |T+U|        T       -U
     0.54536  0.45523  1.00060

	data output to file Rotating_sphere5000.out at time 2.949998

	   rsize  tdepth   ftree  actmax    nbbtot    nbctot   CPUfc
	     8.0      12   2.774    6437  12495129   2891901   0.004

       |T+U|        T       -U
     0.54549  0.48148  1.02697

	data output to file Rotating_sphere5000.out at time 2.999998
